Component: ARM Compiler 5.06 update 5 (build 528) Tool: armlink [4d35e2]

==============================================================================

Section Cross References

    startup_stm32f10x_md.o(RESET) refers to startup_stm32f10x_md.o(STACK) for __initial_sp
    startup_stm32f10x_md.o(RESET) refers to startup_stm32f10x_md.o(.text) for Reset_Handler
    startup_stm32f10x_md.o(.text) refers to bootloader.o(i.SystemInit) for SystemInit
    startup_stm32f10x_md.o(.text) refers to entry.o(.ARM.Collect$$$$00000000) for __main
    bootloader.o(i.check_rollback) refers to usart.o(i.uart_print) for uart_print
    bootloader.o(i.check_rollback) refers to bootloader.o(i.is_app_bootable) for is_app_bootable
    bootloader.o(i.check_rollback) refers to flash.o(i.Flash_unlock) for Flash_unlock
    bootloader.o(i.check_rollback) refers to flash.o(i.Flash_erase_page) for Flash_erase_page
    bootloader.o(i.check_rollback) refers to flash.o(i.Flash_write_halfword) for Flash_write_halfword
    bootloader.o(i.check_rollback) refers to flash.o(i.Flash_lock) for Flash_lock
    bootloader.o(i.check_rollback) refers to bootloader.o(i.jump_to_app_safe) for jump_to_app_safe
    bootloader.o(i.jump_to_app_safe) refers to jump.o(.text) for jump_to_app
    bootloader.o(i.main) refers to usart.o(i.uart_init) for uart_init
    bootloader.o(i.main) refers to bootloader.o(i.gpio_init) for gpio_init
    bootloader.o(i.main) refers to bootloader.o(i.led_on) for led_on
    bootloader.o(i.main) refers to usart.o(i.uart_print) for uart_print
    bootloader.o(i.main) refers to bootloader.o(i.ota_update) for ota_update
    bootloader.o(i.main) refers to bootloader.o(i.check_rollback) for check_rollback
    bootloader.o(i.main) refers to bootloader.o(i.jump_to_app_safe) for jump_to_app_safe
    bootloader.o(i.main) refers to bootloader.o(i.is_app_bootable) for is_app_bootable
    bootloader.o(i.main) refers to flash.o(i.Flash_unlock) for Flash_unlock
    bootloader.o(i.main) refers to flash.o(i.Flash_erase_page) for Flash_erase_page
    bootloader.o(i.main) refers to flash.o(i.Flash_write_halfword) for Flash_write_halfword
    bootloader.o(i.main) refers to flash.o(i.Flash_lock) for Flash_lock
    bootloader.o(i.main) refers to bootloader.o(i.led_off) for led_off
    bootloader.o(i.main) refers to bootloader.o(.data) for .data
    bootloader.o(i.ota_update) refers to w25q64_reader.o(i.W25Q64_Init) for W25Q64_Init
    bootloader.o(i.ota_update) refers to usart.o(i.uart_print) for uart_print
    bootloader.o(i.ota_update) refers to flash.o(i.Flash_unlock) for Flash_unlock
    bootloader.o(i.ota_update) refers to flash.o(i.Flash_erase_app_area) for Flash_erase_app_area
    bootloader.o(i.ota_update) refers to w25q64_reader.o(i.W25Q64_Read) for W25Q64_Read
    bootloader.o(i.ota_update) refers to flash.o(i.Flash_write_data) for Flash_write_data
    bootloader.o(i.ota_update) refers to flash.o(i.Flash_lock) for Flash_lock
    bootloader.o(i.ota_update) refers to flash.o(i.Flash_erase_page) for Flash_erase_page
    bootloader.o(i.ota_update) refers to flash.o(i.Flash_write_halfword) for Flash_write_halfword
    bootloader.o(i.ota_update) refers to bootloader.o(i.jump_to_app_safe) for jump_to_app_safe
    bootloader.o(i.ota_update) refers to bootloader.o(.data) for .data
    bootloader.o(i.ota_update) refers to bootloader.o(.bss) for .bss
    flash.o(i.Flash_erase_app_area) refers to flash.o(i.Flash_erase_page) for Flash_erase_page
    flash.o(i.Flash_erase_app_area) refers to flash.o(i.Flash_lock) for Flash_lock
    flash.o(i.Flash_write_data) refers to flash.o(i.Flash_write_halfword) for Flash_write_halfword
    usart.o(i.uart_print) refers to usart.o(i.uart_putchar) for uart_putchar
    w25q64_reader.o(i.W25Q64_Init) refers to spi_hard.o(i.SPI_Hard_Init) for SPI_Hard_Init
    w25q64_reader.o(i.W25Q64_Read) refers to spi_hard.o(i.SPI_Hard_SwapByte) for SPI_Hard_SwapByte
    entry.o(.ARM.Collect$$$$00000000) refers (Special) to entry10a.o(.ARM.Collect$$$$0000000D) for __rt_final_cpp
    entry.o(.ARM.Collect$$$$00000000) refers (Special) to entry11a.o(.ARM.Collect$$$$0000000F) for __rt_final_exit
    entry.o(.ARM.Collect$$$$00000000) refers (Special) to entry7b.o(.ARM.Collect$$$$00000008) for _main_clock
    entry.o(.ARM.Collect$$$$00000000) refers (Special) to entry8b.o(.ARM.Collect$$$$0000000A) for _main_cpp_init
    entry.o(.ARM.Collect$$$$00000000) refers (Special) to entry9a.o(.ARM.Collect$$$$0000000B) for _main_init
    entry.o(.ARM.Collect$$$$00000000) refers (Special) to entry5.o(.ARM.Collect$$$$00000004) for _main_scatterload
    entry.o(.ARM.Collect$$$$00000000) refers (Special) to entry2.o(.ARM.Collect$$$$00000001) for _main_stk
    entry2.o(.ARM.Collect$$$$00000001) refers to entry2.o(.ARM.Collect$$$$00002712) for __lit__00000000
    entry2.o(.ARM.Collect$$$$00002712) refers to startup_stm32f10x_md.o(STACK) for __initial_sp
    entry2.o(__vectab_stack_and_reset_area) refers to startup_stm32f10x_md.o(STACK) for __initial_sp
    entry2.o(__vectab_stack_and_reset_area) refers to entry.o(.ARM.Collect$$$$00000000) for __main
    entry5.o(.ARM.Collect$$$$00000004) refers to init.o(.text) for __scatterload
    entry9a.o(.ARM.Collect$$$$0000000B) refers to bootloader.o(i.main) for main
    entry9b.o(.ARM.Collect$$$$0000000C) refers to bootloader.o(i.main) for main
    init.o(.text) refers to entry5.o(.ARM.Collect$$$$00000004) for __main_after_scatterload


==============================================================================

Removing Unused input sections from the image.

    Removing startup_stm32f10x_md.o(HEAP), (512 bytes).
    Removing bootloader.o(i.crc32_calc), (52 bytes).

2 unused section(s) (total 564 bytes) removed from the image.

==============================================================================

Image Symbol Table

    Local Symbols

    Symbol Name                              Value     Ov Type        Size  Object(Section)

    ../clib/microlib/init/entry.s            0x00000000   Number         0  entry9b.o ABSOLUTE
    ../clib/microlib/init/entry.s            0x00000000   Number         0  entry10a.o ABSOLUTE
    ../clib/microlib/init/entry.s            0x00000000   Number         0  entry7a.o ABSOLUTE
    ../clib/microlib/init/entry.s            0x00000000   Number         0  entry2.o ABSOLUTE
    ../clib/microlib/init/entry.s            0x00000000   Number         0  entry8b.o ABSOLUTE
    ../clib/microlib/init/entry.s            0x00000000   Number         0  entry5.o ABSOLUTE
    ../clib/microlib/init/entry.s            0x00000000   Number         0  entry9a.o ABSOLUTE
    ../clib/microlib/init/entry.s            0x00000000   Number         0  entry11a.o ABSOLUTE
    ../clib/microlib/init/entry.s            0x00000000   Number         0  entry11b.o ABSOLUTE
    ../clib/microlib/init/entry.s            0x00000000   Number         0  entry.o ABSOLUTE
    ../clib/microlib/init/entry.s            0x00000000   Number         0  entry8a.o ABSOLUTE
    ../clib/microlib/init/entry.s            0x00000000   Number         0  entry10b.o ABSOLUTE
    ../clib/microlib/init/entry.s            0x00000000   Number         0  entry7b.o ABSOLUTE
    Bootloader\Bootloader.c                  0x00000000   Number         0  bootloader.o ABSOLUTE
    Bootloader\Flash.c                       0x00000000   Number         0  flash.o ABSOLUTE
    Bootloader\SPI_Hard.c                    0x00000000   Number         0  spi_hard.o ABSOLUTE
    Bootloader\W25Q64_Reader.c               0x00000000   Number         0  w25q64_reader.o ABSOLUTE
    Bootloader\jump.s                        0x00000000   Number         0  jump.o ABSOLUTE
    Bootloader\usart.c                       0x00000000   Number         0  usart.o ABSOLUTE
    Start\startup_stm32f10x_md.s             0x00000000   Number         0  startup_stm32f10x_md.o ABSOLUTE
    dc.s                                     0x00000000   Number         0  dc.o ABSOLUTE
    handlers.s                               0x00000000   Number         0  handlers.o ABSOLUTE
    init.s                                   0x00000000   Number         0  init.o ABSOLUTE
    RESET                                    0x08000000   Section      236  startup_stm32f10x_md.o(RESET)
    .ARM.Collect$$$$00000000                 0x080000ec   Section        0  entry.o(.ARM.Collect$$$$00000000)
    .ARM.Collect$$$$00000001                 0x080000ec   Section        4  entry2.o(.ARM.Collect$$$$00000001)
    .ARM.Collect$$$$00000004                 0x080000f0   Section        4  entry5.o(.ARM.Collect$$$$00000004)
    .ARM.Collect$$$$00000008                 0x080000f4   Section        0  entry7b.o(.ARM.Collect$$$$00000008)
    .ARM.Collect$$$$0000000A                 0x080000f4   Section        0  entry8b.o(.ARM.Collect$$$$0000000A)
    .ARM.Collect$$$$0000000B                 0x080000f4   Section        8  entry9a.o(.ARM.Collect$$$$0000000B)
    .ARM.Collect$$$$0000000D                 0x080000fc   Section        0  entry10a.o(.ARM.Collect$$$$0000000D)
    .ARM.Collect$$$$0000000F                 0x080000fc   Section        0  entry11a.o(.ARM.Collect$$$$0000000F)
    .ARM.Collect$$$$00002712                 0x080000fc   Section        4  entry2.o(.ARM.Collect$$$$00002712)
    __lit__00000000                          0x080000fc   Data           4  entry2.o(.ARM.Collect$$$$00002712)
    .text                                    0x08000100   Section       36  startup_stm32f10x_md.o(.text)
    .text                                    0x08000124   Section       20  jump.o(.text)
    .text                                    0x08000138   Section       36  init.o(.text)
    i.Flash_erase_app_area                   0x0800015c   Section        0  flash.o(i.Flash_erase_app_area)
    i.Flash_erase_page                       0x08000188   Section        0  flash.o(i.Flash_erase_page)
    i.Flash_lock                             0x080001c0   Section        0  flash.o(i.Flash_lock)
    i.Flash_unlock                           0x080001d0   Section        0  flash.o(i.Flash_unlock)
    i.Flash_write_data                       0x080001e8   Section        0  flash.o(i.Flash_write_data)
    i.Flash_write_halfword                   0x08000220   Section        0  flash.o(i.Flash_write_halfword)
    i.SPI_Hard_Init                          0x08000250   Section        0  spi_hard.o(i.SPI_Hard_Init)
    i.SPI_Hard_SwapByte                      0x080002e8   Section        0  spi_hard.o(i.SPI_Hard_SwapByte)
    i.SystemInit                             0x08000304   Section        0  bootloader.o(i.SystemInit)
    i.W25Q64_Init                            0x0800038c   Section        0  w25q64_reader.o(i.W25Q64_Init)
    i.W25Q64_Read                            0x080003a8   Section        0  w25q64_reader.o(i.W25Q64_Read)
    i.__scatterload_copy                     0x080003f4   Section       14  handlers.o(i.__scatterload_copy)
    i.__scatterload_null                     0x08000402   Section        2  handlers.o(i.__scatterload_null)
    i.__scatterload_zeroinit                 0x08000404   Section       14  handlers.o(i.__scatterload_zeroinit)
    i.check_rollback                         0x08000414   Section        0  bootloader.o(i.check_rollback)
    check_rollback                           0x08000415   Thumb Code   124  bootloader.o(i.check_rollback)
    i.gpio_init                              0x08000500   Section        0  bootloader.o(i.gpio_init)
    i.is_app_bootable                        0x08000528   Section        0  bootloader.o(i.is_app_bootable)
    is_app_bootable                          0x08000529   Thumb Code    38  bootloader.o(i.is_app_bootable)
    i.jump_to_app_safe                       0x08000554   Section        0  bootloader.o(i.jump_to_app_safe)
    i.led_off                                0x0800056c   Section        0  bootloader.o(i.led_off)
    i.led_on                                 0x0800057c   Section        0  bootloader.o(i.led_on)
    i.main                                   0x0800058c   Section        0  bootloader.o(i.main)
    i.ota_update                             0x08000700   Section        0  bootloader.o(i.ota_update)
    ota_update                               0x08000701   Thumb Code   466  bootloader.o(i.ota_update)
    i.uart_init                              0x08000994   Section        0  usart.o(i.uart_init)
    i.uart_print                             0x080009f0   Section        0  usart.o(i.uart_print)
    i.uart_putchar                           0x08000a04   Section        0  usart.o(i.uart_putchar)
    .data                                    0x20000000   Section        4  bootloader.o(.data)
    g_fw_size                                0x20000000   Data           4  bootloader.o(.data)
    .bss                                     0x20000004   Section      256  bootloader.o(.bss)
    page                                     0x20000004   Data         256  bootloader.o(.bss)
    STACK                                    0x20000108   Section     1024  startup_stm32f10x_md.o(STACK)

    Global Symbols

    Symbol Name                              Value     Ov Type        Size  Object(Section)

    BuildAttributes$$THM_ISAv4$P$D$K$B$S$PE$A:L22UL41UL21$X:L11$S22US41US21$IEEE1$IW$USESV6$~STKCKD$USESV7$~SHL$OSPACE$ROPI$EBA8$MICROLIB$REQ8$PRES8$EABIv2 0x00000000   Number         0  anon$$obj.o ABSOLUTE
    __ARM_use_no_argv                        0x00000000   Number         0  bootloader.o ABSOLUTE
    __cpp_initialize__aeabi_                  - Undefined Weak Reference
    __cxa_finalize                            - Undefined Weak Reference
    __decompress                              - Undefined Weak Reference
    _clock_init                               - Undefined Weak Reference
    _microlib_exit                            - Undefined Weak Reference
    __Vectors_Size                           0x000000ec   Number         0  startup_stm32f10x_md.o ABSOLUTE
    __Vectors                                0x08000000   Data           4  startup_stm32f10x_md.o(RESET)
    __Vectors_End                            0x080000ec   Data           0  startup_stm32f10x_md.o(RESET)
    __main                                   0x080000ed   Thumb Code     0  entry.o(.ARM.Collect$$$$00000000)
    _main_stk                                0x080000ed   Thumb Code     0  entry2.o(.ARM.Collect$$$$00000001)
    _main_scatterload                        0x080000f1   Thumb Code     0  entry5.o(.ARM.Collect$$$$00000004)
    __main_after_scatterload                 0x080000f5   Thumb Code     0  entry5.o(.ARM.Collect$$$$00000004)
    _main_clock                              0x080000f5   Thumb Code     0  entry7b.o(.ARM.Collect$$$$00000008)
    _main_cpp_init                           0x080000f5   Thumb Code     0  entry8b.o(.ARM.Collect$$$$0000000A)
    _main_init                               0x080000f5   Thumb Code     0  entry9a.o(.ARM.Collect$$$$0000000B)
    __rt_final_cpp                           0x080000fd   Thumb Code     0  entry10a.o(.ARM.Collect$$$$0000000D)
    __rt_final_exit                          0x080000fd   Thumb Code     0  entry11a.o(.ARM.Collect$$$$0000000F)
    Reset_Handler                            0x08000101   Thumb Code     8  startup_stm32f10x_md.o(.text)
    NMI_Handler                              0x08000109   Thumb Code     2  startup_stm32f10x_md.o(.text)
    HardFault_Handler                        0x0800010b   Thumb Code     2  startup_stm32f10x_md.o(.text)
    MemManage_Handler                        0x0800010d   Thumb Code     2  startup_stm32f10x_md.o(.text)
    BusFault_Handler                         0x0800010f   Thumb Code     2  startup_stm32f10x_md.o(.text)
    UsageFault_Handler                       0x08000111   Thumb Code     2  startup_stm32f10x_md.o(.text)
    SVC_Handler                              0x08000113   Thumb Code     2  startup_stm32f10x_md.o(.text)
    DebugMon_Handler                         0x08000115   Thumb Code     2  startup_stm32f10x_md.o(.text)
    PendSV_Handler                           0x08000117   Thumb Code     2  startup_stm32f10x_md.o(.text)
    SysTick_Handler                          0x08000119   Thumb Code     2  startup_stm32f10x_md.o(.text)
    ADC1_2_IRQHandler                        0x0800011b   Thumb Code     0  startup_stm32f10x_md.o(.text)
    CAN1_RX1_IRQHandler                      0x0800011b   Thumb Code     0  startup_stm32f10x_md.o(.text)
    CAN1_SCE_IRQHandler                      0x0800011b   Thumb Code     0  startup_stm32f10x_md.o(.text)
    DMA1_Channel1_IRQHandler                 0x0800011b   Thumb Code     0  startup_stm32f10x_md.o(.text)
    DMA1_Channel2_IRQHandler                 0x0800011b   Thumb Code     0  startup_stm32f10x_md.o(.text)
    DMA1_Channel3_IRQHandler                 0x0800011b   Thumb Code     0  startup_stm32f10x_md.o(.text)
    DMA1_Channel4_IRQHandler                 0x0800011b   Thumb Code     0  startup_stm32f10x_md.o(.text)
    DMA1_Channel5_IRQHandler                 0x0800011b   Thumb Code     0  startup_stm32f10x_md.o(.text)
    DMA1_Channel6_IRQHandler                 0x0800011b   Thumb Code     0  startup_stm32f10x_md.o(.text)
    DMA1_Channel7_IRQHandler                 0x0800011b   Thumb Code     0  startup_stm32f10x_md.o(.text)
    EXTI0_IRQHandler                         0x0800011b   Thumb Code     0  startup_stm32f10x_md.o(.text)
    EXTI15_10_IRQHandler                     0x0800011b   Thumb Code     0  startup_stm32f10x_md.o(.text)
    EXTI1_IRQHandler                         0x0800011b   Thumb Code     0  startup_stm32f10x_md.o(.text)
    EXTI2_IRQHandler                         0x0800011b   Thumb Code     0  startup_stm32f10x_md.o(.text)
    EXTI3_IRQHandler                         0x0800011b   Thumb Code     0  startup_stm32f10x_md.o(.text)
    EXTI4_IRQHandler                         0x0800011b   Thumb Code     0  startup_stm32f10x_md.o(.text)
    EXTI9_5_IRQHandler                       0x0800011b   Thumb Code     0  startup_stm32f10x_md.o(.text)
    FLASH_IRQHandler                         0x0800011b   Thumb Code     0  startup_stm32f10x_md.o(.text)
    I2C1_ER_IRQHandler                       0x0800011b   Thumb Code     0  startup_stm32f10x_md.o(.text)
    I2C1_EV_IRQHandler                       0x0800011b   Thumb Code     0  startup_stm32f10x_md.o(.text)
    I2C2_ER_IRQHandler                       0x0800011b   Thumb Code     0  startup_stm32f10x_md.o(.text)
    I2C2_EV_IRQHandler                       0x0800011b   Thumb Code     0  startup_stm32f10x_md.o(.text)
    PVD_IRQHandler                           0x0800011b   Thumb Code     0  startup_stm32f10x_md.o(.text)
    RCC_IRQHandler                           0x0800011b   Thumb Code     0  startup_stm32f10x_md.o(.text)
    RTCAlarm_IRQHandler                      0x0800011b   Thumb Code     0  startup_stm32f10x_md.o(.text)
    RTC_IRQHandler                           0x0800011b   Thumb Code     0  startup_stm32f10x_md.o(.text)
    SPI1_IRQHandler                          0x0800011b   Thumb Code     0  startup_stm32f10x_md.o(.text)
    SPI2_IRQHandler                          0x0800011b   Thumb Code     0  startup_stm32f10x_md.o(.text)
    TAMPER_IRQHandler                        0x0800011b   Thumb Code     0  startup_stm32f10x_md.o(.text)
    TIM1_BRK_IRQHandler                      0x0800011b   Thumb Code     0  startup_stm32f10x_md.o(.text)
    TIM1_CC_IRQHandler                       0x0800011b   Thumb Code     0  startup_stm32f10x_md.o(.text)
    TIM1_TRG_COM_IRQHandler                  0x0800011b   Thumb Code     0  startup_stm32f10x_md.o(.text)
    TIM1_UP_IRQHandler                       0x0800011b   Thumb Code     0  startup_stm32f10x_md.o(.text)
    TIM2_IRQHandler                          0x0800011b   Thumb Code     0  startup_stm32f10x_md.o(.text)
    TIM3_IRQHandler                          0x0800011b   Thumb Code     0  startup_stm32f10x_md.o(.text)
    TIM4_IRQHandler                          0x0800011b   Thumb Code     0  startup_stm32f10x_md.o(.text)
    USART1_IRQHandler                        0x0800011b   Thumb Code     0  startup_stm32f10x_md.o(.text)
    USART2_IRQHandler                        0x0800011b   Thumb Code     0  startup_stm32f10x_md.o(.text)
    USART3_IRQHandler                        0x0800011b   Thumb Code     0  startup_stm32f10x_md.o(.text)
    USBWakeUp_IRQHandler                     0x0800011b   Thumb Code     0  startup_stm32f10x_md.o(.text)
    USB_HP_CAN1_TX_IRQHandler                0x0800011b   Thumb Code     0  startup_stm32f10x_md.o(.text)
    USB_LP_CAN1_RX0_IRQHandler               0x0800011b   Thumb Code     0  startup_stm32f10x_md.o(.text)
    WWDG_IRQHandler                          0x0800011b   Thumb Code     0  startup_stm32f10x_md.o(.text)
    jump_to_app                              0x08000125   Thumb Code    16  jump.o(.text)
    __scatterload                            0x08000139   Thumb Code    28  init.o(.text)
    __scatterload_rt2                        0x08000139   Thumb Code     0  init.o(.text)
    Flash_erase_app_area                     0x0800015d   Thumb Code    42  flash.o(i.Flash_erase_app_area)
    Flash_erase_page                         0x08000189   Thumb Code    52  flash.o(i.Flash_erase_page)
    Flash_lock                               0x080001c1   Thumb Code    12  flash.o(i.Flash_lock)
    Flash_unlock                             0x080001d1   Thumb Code    12  flash.o(i.Flash_unlock)
    Flash_write_data                         0x080001e9   Thumb Code    56  flash.o(i.Flash_write_data)
    Flash_write_halfword                     0x08000221   Thumb Code    44  flash.o(i.Flash_write_halfword)
    SPI_Hard_Init                            0x08000251   Thumb Code   138  spi_hard.o(i.SPI_Hard_Init)
    SPI_Hard_SwapByte                        0x080002e9   Thumb Code    22  spi_hard.o(i.SPI_Hard_SwapByte)
    SystemInit                               0x08000305   Thumb Code   112  bootloader.o(i.SystemInit)
    W25Q64_Init                              0x0800038d   Thumb Code    24  w25q64_reader.o(i.W25Q64_Init)
    W25Q64_Read                              0x080003a9   Thumb Code    72  w25q64_reader.o(i.W25Q64_Read)
    __scatterload_copy                       0x080003f5   Thumb Code    14  handlers.o(i.__scatterload_copy)
    __scatterload_null                       0x08000403   Thumb Code     2  handlers.o(i.__scatterload_null)
    __scatterload_zeroinit                   0x08000405   Thumb Code    14  handlers.o(i.__scatterload_zeroinit)
    gpio_init                                0x08000501   Thumb Code    30  bootloader.o(i.gpio_init)
    jump_to_app_safe                         0x08000555   Thumb Code    20  bootloader.o(i.jump_to_app_safe)
    led_off                                  0x0800056d   Thumb Code    12  bootloader.o(i.led_off)
    led_on                                   0x0800057d   Thumb Code    12  bootloader.o(i.led_on)
    main                                     0x0800058d   Thumb Code   236  bootloader.o(i.main)
    uart_init                                0x08000995   Thumb Code    80  usart.o(i.uart_init)
    uart_print                               0x080009f1   Thumb Code    20  usart.o(i.uart_print)
    uart_putchar                             0x08000a05   Thumb Code    16  usart.o(i.uart_putchar)
    Region$$Table$$Base                      0x08000a18   Number         0  anon$$obj.o(Region$$Table)
    Region$$Table$$Limit                     0x08000a38   Number         0  anon$$obj.o(Region$$Table)
    __initial_sp                             0x20000508   Data           0  startup_stm32f10x_md.o(STACK)



==============================================================================

Memory Map of the image

  Image Entry point : 0x080000ed

  Load Region LR_IROM1 (Base: 0x08000000, Size: 0x00000a3c, Max: 0x00002000, ABSOLUTE)

    Execution Region ER_IROM1 (Exec base: 0x08000000, Load base: 0x08000000, Size: 0x00000a38, Max: 0x00002000, ABSOLUTE)

    Exec Addr    Load Addr    Size         Type   Attr      Idx    E Section Name        Object

    0x08000000   0x08000000   0x000000ec   Data   RO            3    RESET               startup_stm32f10x_md.o
    0x080000ec   0x080000ec   0x00000000   Code   RO          209  * .ARM.Collect$$$$00000000  mc_w.l(entry.o)
    0x080000ec   0x080000ec   0x00000004   Code   RO          212    .ARM.Collect$$$$00000001  mc_w.l(entry2.o)
    0x080000f0   0x080000f0   0x00000004   Code   RO          215    .ARM.Collect$$$$00000004  mc_w.l(entry5.o)
    0x080000f4   0x080000f4   0x00000000   Code   RO          217    .ARM.Collect$$$$00000008  mc_w.l(entry7b.o)
    0x080000f4   0x080000f4   0x00000000   Code   RO          219    .ARM.Collect$$$$0000000A  mc_w.l(entry8b.o)
    0x080000f4   0x080000f4   0x00000008   Code   RO          220    .ARM.Collect$$$$0000000B  mc_w.l(entry9a.o)
    0x080000fc   0x080000fc   0x00000000   Code   RO          222    .ARM.Collect$$$$0000000D  mc_w.l(entry10a.o)
    0x080000fc   0x080000fc   0x00000000   Code   RO          224    .ARM.Collect$$$$0000000F  mc_w.l(entry11a.o)
    0x080000fc   0x080000fc   0x00000004   Code   RO          213    .ARM.Collect$$$$00002712  mc_w.l(entry2.o)
    0x08000100   0x08000100   0x00000024   Code   RO            4    .text               startup_stm32f10x_md.o
    0x08000124   0x08000124   0x00000014   Code   RO          145    .text               jump.o
    0x08000138   0x08000138   0x00000024   Code   RO          226    .text               mc_w.l(init.o)
    0x0800015c   0x0800015c   0x0000002a   Code   RO          103    i.Flash_erase_app_area  flash.o
    0x08000186   0x08000186   0x00000002   PAD
    0x08000188   0x08000188   0x00000038   Code   RO          104    i.Flash_erase_page  flash.o
    0x080001c0   0x080001c0   0x00000010   Code   RO          105    i.Flash_lock        flash.o
    0x080001d0   0x080001d0   0x00000018   Code   RO          106    i.Flash_unlock      flash.o
    0x080001e8   0x080001e8   0x00000038   Code   RO          107    i.Flash_write_data  flash.o
    0x08000220   0x08000220   0x00000030   Code   RO          108    i.Flash_write_halfword  flash.o
    0x08000250   0x08000250   0x00000098   Code   RO          191    i.SPI_Hard_Init     spi_hard.o
    0x080002e8   0x080002e8   0x0000001c   Code   RO          192    i.SPI_Hard_SwapByte  spi_hard.o
    0x08000304   0x08000304   0x00000088   Code   RO           10    i.SystemInit        bootloader.o
    0x0800038c   0x0800038c   0x0000001c   Code   RO          173    i.W25Q64_Init       w25q64_reader.o
    0x080003a8   0x080003a8   0x0000004c   Code   RO          174    i.W25Q64_Read       w25q64_reader.o
    0x080003f4   0x080003f4   0x0000000e   Code   RO          230    i.__scatterload_copy  mc_w.l(handlers.o)
    0x08000402   0x08000402   0x00000002   Code   RO          231    i.__scatterload_null  mc_w.l(handlers.o)
    0x08000404   0x08000404   0x0000000e   Code   RO          232    i.__scatterload_zeroinit  mc_w.l(handlers.o)
    0x08000412   0x08000412   0x00000002   PAD
    0x08000414   0x08000414   0x000000ec   Code   RO           11    i.check_rollback    bootloader.o
    0x08000500   0x08000500   0x00000028   Code   RO           13    i.gpio_init         bootloader.o
    0x08000528   0x08000528   0x0000002c   Code   RO           14    i.is_app_bootable   bootloader.o
    0x08000554   0x08000554   0x00000018   Code   RO           15    i.jump_to_app_safe  bootloader.o
    0x0800056c   0x0800056c   0x00000010   Code   RO           16    i.led_off           bootloader.o
    0x0800057c   0x0800057c   0x00000010   Code   RO           17    i.led_on            bootloader.o
    0x0800058c   0x0800058c   0x00000174   Code   RO           18    i.main              bootloader.o
    0x08000700   0x08000700   0x00000294   Code   RO           19    i.ota_update        bootloader.o
    0x08000994   0x08000994   0x0000005c   Code   RO          149    i.uart_init         usart.o
    0x080009f0   0x080009f0   0x00000014   Code   RO          150    i.uart_print        usart.o
    0x08000a04   0x08000a04   0x00000014   Code   RO          151    i.uart_putchar      usart.o
    0x08000a18   0x08000a18   0x00000020   Data   RO          228    Region$$Table       anon$$obj.o


    Execution Region RW_IRAM1 (Exec base: 0x20000000, Load base: 0x08000a38, Size: 0x00000508, Max: 0x00005000, ABSOLUTE)

    Exec Addr    Load Addr    Size         Type   Attr      Idx    E Section Name        Object

    0x20000000   0x08000a38   0x00000004   Data   RW           21    .data               bootloader.o
    0x20000004        -       0x00000100   Zero   RW           20    .bss                bootloader.o
    0x20000104   0x08000a3c   0x00000004   PAD
    0x20000108        -       0x00000400   Zero   RW            1    STACK               startup_stm32f10x_md.o


==============================================================================

Image component sizes


      Code (inc. data)   RO Data    RW Data    ZI Data      Debug   Object Name

      1544        494          0          4        256      10884   bootloader.o
       242         24          0          0          0       3544   flash.o
        20          4          0          0          0        312   jump.o
       180         20          0          0          0        936   spi_hard.o
        36          8        236          0       1024        792   startup_stm32f10x_md.o
       132         16          0          0          0       1588   usart.o
       104          8          0          0          0       1528   w25q64_reader.o

    ----------------------------------------------------------------------
      2260        574        268          4       1284      19584   Object Totals
         0          0         32          0          0          0   (incl. Generated)
         2          0          0          0          4          0   (incl. Padding)

    ----------------------------------------------------------------------

      Code (inc. data)   RO Data    RW Data    ZI Data      Debug   Library Member Name

         0          0          0          0          0          0   entry.o
         0          0          0          0          0          0   entry10a.o
         0          0          0          0          0          0   entry11a.o
         8          4          0          0          0          0   entry2.o
         4          0          0          0          0          0   entry5.o
         0          0          0          0          0          0   entry7b.o
         0          0          0          0          0          0   entry8b.o
         8          4          0          0          0          0   entry9a.o
        30          0          0          0          0          0   handlers.o
        36          8          0          0          0         68   init.o

    ----------------------------------------------------------------------
        88         16          0          0          0         68   Library Totals
         2          0          0          0          0          0   (incl. Padding)

    ----------------------------------------------------------------------

      Code (inc. data)   RO Data    RW Data    ZI Data      Debug   Library Name

        86         16          0          0          0         68   mc_w.l

    ----------------------------------------------------------------------
        88         16          0          0          0         68   Library Totals

    ----------------------------------------------------------------------

==============================================================================


      Code (inc. data)   RO Data    RW Data    ZI Data      Debug   

      2348        590        268          4       1284      18816   Grand Totals
      2348        590        268          4       1284      18816   ELF Image Totals
      2348        590        268          4          0          0   ROM Totals

==============================================================================

    Total RO  Size (Code + RO Data)                 2616 (   2.55kB)
    Total RW  Size (RW Data + ZI Data)              1288 (   1.26kB)
    Total ROM Size (Code + RO Data + RW Data)       2620 (   2.56kB)

==============================================================================

